  Determining projects to restore...
  All projects are up-to-date for restore.
  Domain -> C:\Users\OS\Documents\Project_PRM393\Soundtilo_API\Domain\bin\Debug\net8.0\Domain.dll
  Application -> C:\Users\OS\Documents\Project_PRM393\Soundtilo_API\Application\bin\Debug\net8.0\Application.dll
  Infrastructure -> C:\Users\OS\Documents\Project_PRM393\Soundtilo_API\Infrastructure\bin\Debug\net8.0\Infrastructure.dll
C:\Program Files\dotnet\sdk\10.0.101\Microsoft.Common.CurrentVersion.targets(5080,5): warning MSB3026: Could not copy "C:\Users\OS\Documents\Project_PRM393\Soundtilo_API\Domain\bin\Debug\net8.0\Domain.dll" to "bin\Debug\net8.0\Domain.dll". Beginning retry 1 in 1000ms. The process cannot access the file 'C:\Users\OS\Documents\Project_PRM393\Soundtilo_API\Presentation\bin\Debug\net8.0\Domain.dll' because it is being used by another process. The file is locked by: "Presentation (424)" [C:\Users\OS\Documents\Project_PRM393\Soundtilo_API\Presentation\Presentation.csproj]
C:\Program Files\dotnet\sdk\10.0.101\Microsoft.Common.CurrentVersion.targets(5080,5): warning MSB3026: Could not copy "C:\Users\OS\Documents\Project_PRM393\Soundtilo_API\Infrastructure\bin\Debug\net8.0\Infrastructure.dll" to "bin\Debug\net8.0\Infrastructure.dll". Beginning retry 1 in 1000ms. The process cannot access the file 'C:\Users\OS\Documents\Project_PRM393\Soundtilo_API\Presentation\bin\Debug\net8.0\Infrastructure.dll' because it is being used by another process. The file is locked by: "Microsoft Visual Studio (1892), Presentation (424)" [C:\Users\OS\Documents\Project_PRM393\Soundtilo_API\Presentation\Presentation.csproj]
C:\Program Files\dotnet\sdk\10.0.101\Microsoft.Common.CurrentVersion.targets(5080,5): warning MSB3026: Could not copy "C:\Users\OS\Documents\Project_PRM393\Soundtilo_API\Application\bin\Debug\net8.0\Application.dll" to "bin\Debug\net8.0\Application.dll". Beginning retry 1 in 1000ms. The process cannot access the file 'C:\Users\OS\Documents\Project_PRM393\Soundtilo_API\Presentation\bin\Debug\net8.0\Application.dll' because it is being used by another process. The file is locked by: "Microsoft Visual Studio (1892), Presentation (424)" [C:\Users\OS\Documents\Project_PRM393\Soundtilo_API\Presentation\Presentation.csproj]
C:\Program Files\dotnet\sdk\10.0.101\Microsoft.Common.CurrentVersion.targets(5080,5): warning MSB3026: Could not copy "C:\Users\OS\Documents\Project_PRM393\Soundtilo_API\Domain\bin\Debug\net8.0\Domain.dll" to "bin\Debug\net8.0\Domain.dll". Beginning retry 2 in 1000ms. The process cannot access the file 'C:\Users\OS\Documents\Project_PRM393\Soundtilo_API\Presentation\bin\Debug\net8.0\Domain.dll' because it is being used by another process. The file is locked by: "Presentation (424)" [C:\Users\OS\Documents\Project_PRM393\Soundtilo_API\Presentation\Presentation.csproj]
C:\Program Files\dotnet\sdk\10.0.101\Microsoft.Common.CurrentVersion.targets(5080,5): warning MSB3026: Could not copy "C:\Users\OS\Documents\Project_PRM393\Soundtilo_API\Application\bin\Debug\net8.0\Application.dll" to "bin\Debug\net8.0\Application.dll". Beginning retry 2 in 1000ms. The process cannot access the file 'C:\Users\OS\Documents\Project_PRM393\Soundtilo_API\Presentation\bin\Debug\net8.0\Application.dll' because it is being used by another process. The file is locked by: "Microsoft Visual Studio (1892), Presentation (424)" [C:\Users\OS\Documents\Project_PRM393\Soundtilo_API\Presentation\Presentation.csproj]
C:\Program Files\dotnet\sdk\10.0.101\Microsoft.Common.CurrentVersion.targets(5080,5): warning MSB3026: Could not copy "C:\Users\OS\Documents\Project_PRM393\Soundtilo_API\Infrastructure\bin\Debug\net8.0\Infrastructure.dll" to "bin\Debug\net8.0\Infrastructure.dll". Beginning retry 2 in 1000ms. The process cannot access the file 'C:\Users\OS\Documents\Project_PRM393\Soundtilo_API\Presentation\bin\Debug\net8.0\Infrastructure.dll' because it is being used by another process. The file is locked by: "Microsoft Visual Studio (1892), Presentation (424)" [C:\Users\OS\Documents\Project_PRM393\Soundtilo_API\Presentation\Presentation.csproj]
C:\Program Files\dotnet\sdk\10.0.101\Microsoft.Common.CurrentVersion.targets(5080,5): warning MSB3026: Could not copy "C:\Users\OS\Documents\Project_PRM393\Soundtilo_API\Domain\bin\Debug\net8.0\Domain.dll" to "bin\Debug\net8.0\Domain.dll". Beginning retry 3 in 1000ms. The process cannot access the file 'C:\Users\OS\Documents\Project_PRM393\Soundtilo_API\Presentation\bin\Debug\net8.0\Domain.dll' because it is being used by another process. The file is locked by: "Presentation (424)" [C:\Users\OS\Documents\Project_PRM393\Soundtilo_API\Presentation\Presentation.csproj]
C:\Program Files\dotnet\sdk\10.0.101\Microsoft.Common.CurrentVersion.targets(5080,5): warning MSB3026: Could not copy "C:\Users\OS\Documents\Project_PRM393\Soundtilo_API\Application\bin\Debug\net8.0\Application.dll" to "bin\Debug\net8.0\Application.dll". Beginning retry 3 in 1000ms. The process cannot access the file 'C:\Users\OS\Documents\Project_PRM393\Soundtilo_API\Presentation\bin\Debug\net8.0\Application.dll' because it is being used by another process. The file is locked by: "Microsoft Visual Studio (1892), Presentation (424)" [C:\Users\OS\Documents\Project_PRM393\Soundtilo_API\Presentation\Presentation.csproj]
C:\Program Files\dotnet\sdk\10.0.101\Microsoft.Common.CurrentVersion.targets(5080,5): warning MSB3026: Could not copy "C:\Users\OS\Documents\Project_PRM393\Soundtilo_API\Infrastructure\bin\Debug\net8.0\Infrastructure.dll" to "bin\Debug\net8.0\Infrastructure.dll". Beginning retry 3 in 1000ms. The process cannot access the file 'C:\Users\OS\Documents\Project_PRM393\Soundtilo_API\Presentation\bin\Debug\net8.0\Infrastructure.dll' because it is being used by another process. The file is locked by: "Microsoft Visual Studio (1892), Presentation (424)" [C:\Users\OS\Documents\Project_PRM393\Soundtilo_API\Presentation\Presentation.csproj]
C:\Program Files\dotnet\sdk\10.0.101\Microsoft.Common.CurrentVersion.targets(5080,5): warning MSB3026: Could not copy "C:\Users\OS\Documents\Project_PRM393\Soundtilo_API\Domain\bin\Debug\net8.0\Domain.dll" to "bin\Debug\net8.0\Domain.dll". Beginning retry 4 in 1000ms. The process cannot access the file 'C:\Users\OS\Documents\Project_PRM393\Soundtilo_API\Presentation\bin\Debug\net8.0\Domain.dll' because it is being used by another process. The file is locked by: "Presentation (424)" [C:\Users\OS\Documents\Project_PRM393\Soundtilo_API\Presentation\Presentation.csproj]
C:\Program Files\dotnet\sdk\10.0.101\Microsoft.Common.CurrentVersion.targets(5080,5): warning MSB3026: Could not copy "C:\Users\OS\Documents\Project_PRM393\Soundtilo_API\Application\bin\Debug\net8.0\Application.dll" to "bin\Debug\net8.0\Application.dll". Beginning retry 4 in 1000ms. The process cannot access the file 'C:\Users\OS\Documents\Project_PRM393\Soundtilo_API\Presentation\bin\Debug\net8.0\Application.dll' because it is being used by another process. The file is locked by: "Microsoft Visual Studio (1892), Presentation (424)" [C:\Users\OS\Documents\Project_PRM393\Soundtilo_API\Presentation\Presentation.csproj]
C:\Program Files\dotnet\sdk\10.0.101\Microsoft.Common.CurrentVersion.targets(5080,5): warning MSB3026: Could not copy "C:\Users\OS\Documents\Project_PRM393\Soundtilo_API\Infrastructure\bin\Debug\net8.0\Infrastructure.dll" to "bin\Debug\net8.0\Infrastructure.dll". Beginning retry 4 in 1000ms. The process cannot access the file 'C:\Users\OS\Documents\Project_PRM393\Soundtilo_API\Presentation\bin\Debug\net8.0\Infrastructure.dll' because it is being used by another process. The file is locked by: "Microsoft Visual Studio (1892), Presentation (424)" [C:\Users\OS\Documents\Project_PRM393\Soundtilo_API\Presentation\Presentation.csproj]
C:\Program Files\dotnet\sdk\10.0.101\Microsoft.Common.CurrentVersion.targets(5080,5): warning MSB3026: Could not copy "C:\Users\OS\Documents\Project_PRM393\Soundtilo_API\Domain\bin\Debug\net8.0\Domain.dll" to "bin\Debug\net8.0\Domain.dll". Beginning retry 5 in 1000ms. The process cannot access the file 'C:\Users\OS\Documents\Project_PRM393\Soundtilo_API\Presentation\bin\Debug\net8.0\Domain.dll' because it is being used by another process. The file is locked by: "Presentation (424)" [C:\Users\OS\Documents\Project_PRM393\Soundtilo_API\Presentation\Presentation.csproj]
C:\Program Files\dotnet\sdk\10.0.101\Microsoft.Common.CurrentVersion.targets(5080,5): warning MSB3026: Could not copy "C:\Users\OS\Documents\Project_PRM393\Soundtilo_API\Application\bin\Debug\net8.0\Application.dll" to "bin\Debug\net8.0\Application.dll". Beginning retry 5 in 1000ms. The process cannot access the file 'C:\Users\OS\Documents\Project_PRM393\Soundtilo_API\Presentation\bin\Debug\net8.0\Application.dll' because it is being used by another process. The file is locked by: "Microsoft Visual Studio (1892), Presentation (424)" [C:\Users\OS\Documents\Project_PRM393\Soundtilo_API\Presentation\Presentation.csproj]
C:\Program Files\dotnet\sdk\10.0.101\Microsoft.Common.CurrentVersion.targets(5080,5): warning MSB3026: Could not copy "C:\Users\OS\Documents\Project_PRM393\Soundtilo_API\Infrastructure\bin\Debug\net8.0\Infrastructure.dll" to "bin\Debug\net8.0\Infrastructure.dll". Beginning retry 5 in 1000ms. The process cannot access the file 'C:\Users\OS\Documents\Project_PRM393\Soundtilo_API\Presentation\bin\Debug\net8.0\Infrastructure.dll' because it is being used by another process. The file is locked by: "Microsoft Visual Studio (1892), Presentation (424)" [C:\Users\OS\Documents\Project_PRM393\Soundtilo_API\Presentation\Presentation.csproj]
C:\Program Files\dotnet\sdk\10.0.101\Microsoft.Common.CurrentVersion.targets(5080,5): warning MSB3026: Could not copy "C:\Users\OS\Documents\Project_PRM393\Soundtilo_API\Domain\bin\Debug\net8.0\Domain.dll" to "bin\Debug\net8.0\Domain.dll". Beginning retry 6 in 1000ms. The process cannot access the file 'C:\Users\OS\Documents\Project_PRM393\Soundtilo_API\Presentation\bin\Debug\net8.0\Domain.dll' because it is being used by another process. The file is locked by: "Presentation (424)" [C:\Users\OS\Documents\Project_PRM393\Soundtilo_API\Presentation\Presentation.csproj]
C:\Program Files\dotnet\sdk\10.0.101\Microsoft.Common.CurrentVersion.targets(5080,5): warning MSB3026: Could not copy "C:\Users\OS\Documents\Project_PRM393\Soundtilo_API\Application\bin\Debug\net8.0\Application.dll" to "bin\Debug\net8.0\Application.dll". Beginning retry 6 in 1000ms. The process cannot access the file 'C:\Users\OS\Documents\Project_PRM393\Soundtilo_API\Presentation\bin\Debug\net8.0\Application.dll' because it is being used by another process. The file is locked by: "Microsoft Visual Studio (1892), Presentation (424)" [C:\Users\OS\Documents\Project_PRM393\Soundtilo_API\Presentation\Presentation.csproj]
C:\Program Files\dotnet\sdk\10.0.101\Microsoft.Common.CurrentVersion.targets(5080,5): warning MSB3026: Could not copy "C:\Users\OS\Documents\Project_PRM393\Soundtilo_API\Infrastructure\bin\Debug\net8.0\Infrastructure.dll" to "bin\Debug\net8.0\Infrastructure.dll". Beginning retry 6 in 1000ms. The process cannot access the file 'C:\Users\OS\Documents\Project_PRM393\Soundtilo_API\Presentation\bin\Debug\net8.0\Infrastructure.dll' because it is being used by another process. The file is locked by: "Microsoft Visual Studio (1892), Presentation (424)" [C:\Users\OS\Documents\Project_PRM393\Soundtilo_API\Presentation\Presentation.csproj]
C:\Program Files\dotnet\sdk\10.0.101\Microsoft.Common.CurrentVersion.targets(5080,5): warning MSB3026: Could not copy "C:\Users\OS\Documents\Project_PRM393\Soundtilo_API\Domain\bin\Debug\net8.0\Domain.dll" to "bin\Debug\net8.0\Domain.dll". Beginning retry 7 in 1000ms. The process cannot access the file 'C:\Users\OS\Documents\Project_PRM393\Soundtilo_API\Presentation\bin\Debug\net8.0\Domain.dll' because it is being used by another process. The file is locked by: "Presentation (424)" [C:\Users\OS\Documents\Project_PRM393\Soundtilo_API\Presentation\Presentation.csproj]
C:\Program Files\dotnet\sdk\10.0.101\Microsoft.Common.CurrentVersion.targets(5080,5): warning MSB3026: Could not copy "C:\Users\OS\Documents\Project_PRM393\Soundtilo_API\Application\bin\Debug\net8.0\Application.dll" to "bin\Debug\net8.0\Application.dll". Beginning retry 7 in 1000ms. The process cannot access the file 'C:\Users\OS\Documents\Project_PRM393\Soundtilo_API\Presentation\bin\Debug\net8.0\Application.dll' because it is being used by another process. The file is locked by: "Microsoft Visual Studio (1892), Presentation (424)" [C:\Users\OS\Documents\Project_PRM393\Soundtilo_API\Presentation\Presentation.csproj]
C:\Program Files\dotnet\sdk\10.0.101\Microsoft.Common.CurrentVersion.targets(5080,5): warning MSB3026: Could not copy "C:\Users\OS\Documents\Project_PRM393\Soundtilo_API\Infrastructure\bin\Debug\net8.0\Infrastructure.dll" to "bin\Debug\net8.0\Infrastructure.dll". Beginning retry 7 in 1000ms. The process cannot access the file 'C:\Users\OS\Documents\Project_PRM393\Soundtilo_API\Presentation\bin\Debug\net8.0\Infrastructure.dll' because it is being used by another process. The file is locked by: "Microsoft Visual Studio (1892), Presentation (424)" [C:\Users\OS\Documents\Project_PRM393\Soundtilo_API\Presentation\Presentation.csproj]
C:\Program Files\dotnet\sdk\10.0.101\Microsoft.Common.CurrentVersion.targets(5080,5): warning MSB3026: Could not copy "C:\Users\OS\Documents\Project_PRM393\Soundtilo_API\Domain\bin\Debug\net8.0\Domain.dll" to "bin\Debug\net8.0\Domain.dll". Beginning retry 8 in 1000ms. The process cannot access the file 'C:\Users\OS\Documents\Project_PRM393\Soundtilo_API\Presentation\bin\Debug\net8.0\Domain.dll' because it is being used by another process. The file is locked by: "Presentation (424)" [C:\Users\OS\Documents\Project_PRM393\Soundtilo_API\Presentation\Presentation.csproj]
C:\Program Files\dotnet\sdk\10.0.101\Microsoft.Common.CurrentVersion.targets(5080,5): warning MSB3026: Could not copy "C:\Users\OS\Documents\Project_PRM393\Soundtilo_API\Application\bin\Debug\net8.0\Application.dll" to "bin\Debug\net8.0\Application.dll". Beginning retry 8 in 1000ms. The process cannot access the file 'C:\Users\OS\Documents\Project_PRM393\Soundtilo_API\Presentation\bin\Debug\net8.0\Application.dll' because it is being used by another process. The file is locked by: "Microsoft Visual Studio (1892), Presentation (424)" [C:\Users\OS\Documents\Project_PRM393\Soundtilo_API\Presentation\Presentation.csproj]
C:\Program Files\dotnet\sdk\10.0.101\Microsoft.Common.CurrentVersion.targets(5080,5): warning MSB3026: Could not copy "C:\Users\OS\Documents\Project_PRM393\Soundtilo_API\Infrastructure\bin\Debug\net8.0\Infrastructure.dll" to "bin\Debug\net8.0\Infrastructure.dll". Beginning retry 8 in 1000ms. The process cannot access the file 'C:\Users\OS\Documents\Project_PRM393\Soundtilo_API\Presentation\bin\Debug\net8.0\Infrastructure.dll' because it is being used by another process. The file is locked by: "Microsoft Visual Studio (1892), Presentation (424)" [C:\Users\OS\Documents\Project_PRM393\Soundtilo_API\Presentation\Presentation.csproj]
C:\Program Files\dotnet\sdk\10.0.101\Microsoft.Common.CurrentVersion.targets(5080,5): warning MSB3026: Could not copy "C:\Users\OS\Documents\Project_PRM393\Soundtilo_API\Domain\bin\Debug\net8.0\Domain.dll" to "bin\Debug\net8.0\Domain.dll". Beginning retry 9 in 1000ms. The process cannot access the file 'C:\Users\OS\Documents\Project_PRM393\Soundtilo_API\Presentation\bin\Debug\net8.0\Domain.dll' because it is being used by another process. The file is locked by: "Presentation (424)" [C:\Users\OS\Documents\Project_PRM393\Soundtilo_API\Presentation\Presentation.csproj]
C:\Program Files\dotnet\sdk\10.0.101\Microsoft.Common.CurrentVersion.targets(5080,5): warning MSB3026: Could not copy "C:\Users\OS\Documents\Project_PRM393\Soundtilo_API\Application\bin\Debug\net8.0\Application.dll" to "bin\Debug\net8.0\Application.dll". Beginning retry 9 in 1000ms. The process cannot access the file 'C:\Users\OS\Documents\Project_PRM393\Soundtilo_API\Presentation\bin\Debug\net8.0\Application.dll' because it is being used by another process. The file is locked by: "Microsoft Visual Studio (1892), Presentation (424)" [C:\Users\OS\Documents\Project_PRM393\Soundtilo_API\Presentation\Presentation.csproj]
C:\Program Files\dotnet\sdk\10.0.101\Microsoft.Common.CurrentVersion.targets(5080,5): warning MSB3026: Could not copy "C:\Users\OS\Documents\Project_PRM393\Soundtilo_API\Infrastructure\bin\Debug\net8.0\Infrastructure.dll" to "bin\Debug\net8.0\Infrastructure.dll". Beginning retry 9 in 1000ms. The process cannot access the file 'C:\Users\OS\Documents\Project_PRM393\Soundtilo_API\Presentation\bin\Debug\net8.0\Infrastructure.dll' because it is being used by another process. The file is locked by: "Microsoft Visual Studio (1892), Presentation (424)" [C:\Users\OS\Documents\Project_PRM393\Soundtilo_API\Presentation\Presentation.csproj]
C:\Program Files\dotnet\sdk\10.0.101\Microsoft.Common.CurrentVersion.targets(5080,5): warning MSB3026: Could not copy "C:\Users\OS\Documents\Project_PRM393\Soundtilo_API\Domain\bin\Debug\net8.0\Domain.dll" to "bin\Debug\net8.0\Domain.dll". Beginning retry 10 in 1000ms. The process cannot access the file 'C:\Users\OS\Documents\Project_PRM393\Soundtilo_API\Presentation\bin\Debug\net8.0\Domain.dll' because it is being used by another process. The file is locked by: "Presentation (424)" [C:\Users\OS\Documents\Project_PRM393\Soundtilo_API\Presentation\Presentation.csproj]
C:\Program Files\dotnet\sdk\10.0.101\Microsoft.Common.CurrentVersion.targets(5080,5): warning MSB3026: Could not copy "C:\Users\OS\Documents\Project_PRM393\Soundtilo_API\Application\bin\Debug\net8.0\Application.dll" to "bin\Debug\net8.0\Application.dll". Beginning retry 10 in 1000ms. The process cannot access the file 'C:\Users\OS\Documents\Project_PRM393\Soundtilo_API\Presentation\bin\Debug\net8.0\Application.dll' because it is being used by another process. The file is locked by: "Microsoft Visual Studio (1892), Presentation (424)" [C:\Users\OS\Documents\Project_PRM393\Soundtilo_API\Presentation\Presentation.csproj]
C:\Program Files\dotnet\sdk\10.0.101\Microsoft.Common.CurrentVersion.targets(5080,5): warning MSB3026: Could not copy "C:\Users\OS\Documents\Project_PRM393\Soundtilo_API\Infrastructure\bin\Debug\net8.0\Infrastructure.dll" to "bin\Debug\net8.0\Infrastructure.dll". Beginning retry 10 in 1000ms. The process cannot access the file 'C:\Users\OS\Documents\Project_PRM393\Soundtilo_API\Presentation\bin\Debug\net8.0\Infrastructure.dll' because it is being used by another process. The file is locked by: "Microsoft Visual Studio (1892), Presentation (424)" [C:\Users\OS\Documents\Project_PRM393\Soundtilo_API\Presentation\Presentation.csproj]
C:\Program Files\dotnet\sdk\10.0.101\Microsoft.Common.CurrentVersion.targets(5080,5): error MSB3027: Could not copy "C:\Users\OS\Documents\Project_PRM393\Soundtilo_API\Domain\bin\Debug\net8.0\Domain.dll" to "bin\Debug\net8.0\Domain.dll". Exceeded retry count of 10. Failed. The file is locked by: "Presentation (424)" [C:\Users\OS\Documents\Project_PRM393\Soundtilo_API\Presentation\Presentation.csproj]
C:\Program Files\dotnet\sdk\10.0.101\Microsoft.Common.CurrentVersion.targets(5080,5): error MSB3021: Unable to copy file "C:\Users\OS\Documents\Project_PRM393\Soundtilo_API\Domain\bin\Debug\net8.0\Domain.dll" to "bin\Debug\net8.0\Domain.dll". The process cannot access the file 'C:\Users\OS\Documents\Project_PRM393\Soundtilo_API\Presentation\bin\Debug\net8.0\Domain.dll' because it is being used by another process. [C:\Users\OS\Documents\Project_PRM393\Soundtilo_API\Presentation\Presentation.csproj]
C:\Program Files\dotnet\sdk\10.0.101\Microsoft.Common.CurrentVersion.targets(5080,5): error MSB3027: Could not copy "C:\Users\OS\Documents\Project_PRM393\Soundtilo_API\Infrastructure\bin\Debug\net8.0\Infrastructure.dll" to "bin\Debug\net8.0\Infrastructure.dll". Exceeded retry count of 10. Failed. The file is locked by: "Microsoft Visual Studio (1892), Presentation (424)" [C:\Users\OS\Documents\Project_PRM393\Soundtilo_API\Presentation\Presentation.csproj]
C:\Program Files\dotnet\sdk\10.0.101\Microsoft.Common.CurrentVersion.targets(5080,5): error MSB3021: Unable to copy file "C:\Users\OS\Documents\Project_PRM393\Soundtilo_API\Infrastructure\bin\Debug\net8.0\Infrastructure.dll" to "bin\Debug\net8.0\Infrastructure.dll". The process cannot access the file 'C:\Users\OS\Documents\Project_PRM393\Soundtilo_API\Presentation\bin\Debug\net8.0\Infrastructure.dll' because it is being used by another process. [C:\Users\OS\Documents\Project_PRM393\Soundtilo_API\Presentation\Presentation.csproj]
C:\Program Files\dotnet\sdk\10.0.101\Microsoft.Common.CurrentVersion.targets(5080,5): error MSB3027: Could not copy "C:\Users\OS\Documents\Project_PRM393\Soundtilo_API\Application\bin\Debug\net8.0\Application.dll" to "bin\Debug\net8.0\Application.dll". Exceeded retry count of 10. Failed. The file is locked by: "Microsoft Visual Studio (1892), Presentation (424)" [C:\Users\OS\Documents\Project_PRM393\Soundtilo_API\Presentation\Presentation.csproj]
C:\Program Files\dotnet\sdk\10.0.101\Microsoft.Common.CurrentVersion.targets(5080,5): error MSB3021: Unable to copy file "C:\Users\OS\Documents\Project_PRM393\Soundtilo_API\Application\bin\Debug\net8.0\Application.dll" to "bin\Debug\net8.0\Application.dll". The process cannot access the file 'C:\Users\OS\Documents\Project_PRM393\Soundtilo_API\Presentation\bin\Debug\net8.0\Application.dll' because it is being used by another process. [C:\Users\OS\Documents\Project_PRM393\Soundtilo_API\Presentation\Presentation.csproj]

Build FAILED.

C:\Program Files\dotnet\sdk\10.0.101\Microsoft.Common.CurrentVersion.targets(5080,5): warning MSB3026: Could not copy "C:\Users\OS\Documents\Project_PRM393\Soundtilo_API\Domain\bin\Debug\net8.0\Domain.dll" to "bin\Debug\net8.0\Domain.dll". Beginning retry 1 in 1000ms. The process cannot access the file 'C:\Users\OS\Documents\Project_PRM393\Soundtilo_API\Presentation\bin\Debug\net8.0\Domain.dll' because it is being used by another process. The file is locked by: "Presentation (424)" [C:\Users\OS\Documents\Project_PRM393\Soundtilo_API\Presentation\Presentation.csproj]
C:\Program Files\dotnet\sdk\10.0.101\Microsoft.Common.CurrentVersion.targets(5080,5): warning MSB3026: Could not copy "C:\Users\OS\Documents\Project_PRM393\Soundtilo_API\Infrastructure\bin\Debug\net8.0\Infrastructure.dll" to "bin\Debug\net8.0\Infrastructure.dll". Beginning retry 1 in 1000ms. The process cannot access the file 'C:\Users\OS\Documents\Project_PRM393\Soundtilo_API\Presentation\bin\Debug\net8.0\Infrastructure.dll' because it is being used by another process. The file is locked by: "Microsoft Visual Studio (1892), Presentation (424)" [C:\Users\OS\Documents\Project_PRM393\Soundtilo_API\Presentation\Presentation.csproj]
C:\Program Files\dotnet\sdk\10.0.101\Microsoft.Common.CurrentVersion.targets(5080,5): warning MSB3026: Could not copy "C:\Users\OS\Documents\Project_PRM393\Soundtilo_API\Application\bin\Debug\net8.0\Application.dll" to "bin\Debug\net8.0\Application.dll". Beginning retry 1 in 1000ms. The process cannot access the file 'C:\Users\OS\Documents\Project_PRM393\Soundtilo_API\Presentation\bin\Debug\net8.0\Application.dll' because it is being used by another process. The file is locked by: "Microsoft Visual Studio (1892), Presentation (424)" [C:\Users\OS\Documents\Project_PRM393\Soundtilo_API\Presentation\Presentation.csproj]
C:\Program Files\dotnet\sdk\10.0.101\Microsoft.Common.CurrentVersion.targets(5080,5): warning MSB3026: Could not copy "C:\Users\OS\Documents\Project_PRM393\Soundtilo_API\Domain\bin\Debug\net8.0\Domain.dll" to "bin\Debug\net8.0\Domain.dll". Beginning retry 2 in 1000ms. The process cannot access the file 'C:\Users\OS\Documents\Project_PRM393\Soundtilo_API\Presentation\bin\Debug\net8.0\Domain.dll' because it is being used by another process. The file is locked by: "Presentation (424)" [C:\Users\OS\Documents\Project_PRM393\Soundtilo_API\Presentation\Presentation.csproj]
C:\Program Files\dotnet\sdk\10.0.101\Microsoft.Common.CurrentVersion.targets(5080,5): warning MSB3026: Could not copy "C:\Users\OS\Documents\Project_PRM393\Soundtilo_API\Application\bin\Debug\net8.0\Application.dll" to "bin\Debug\net8.0\Application.dll". Beginning retry 2 in 1000ms. The process cannot access the file 'C:\Users\OS\Documents\Project_PRM393\Soundtilo_API\Presentation\bin\Debug\net8.0\Application.dll' because it is being used by another process. The file is locked by: "Microsoft Visual Studio (1892), Presentation (424)" [C:\Users\OS\Documents\Project_PRM393\Soundtilo_API\Presentation\Presentation.csproj]
C:\Program Files\dotnet\sdk\10.0.101\Microsoft.Common.CurrentVersion.targets(5080,5): warning MSB3026: Could not copy "C:\Users\OS\Documents\Project_PRM393\Soundtilo_API\Infrastructure\bin\Debug\net8.0\Infrastructure.dll" to "bin\Debug\net8.0\Infrastructure.dll". Beginning retry 2 in 1000ms. The process cannot access the file 'C:\Users\OS\Documents\Project_PRM393\Soundtilo_API\Presentation\bin\Debug\net8.0\Infrastructure.dll' because it is being used by another process. The file is locked by: "Microsoft Visual Studio (1892), Presentation (424)" [C:\Users\OS\Documents\Project_PRM393\Soundtilo_API\Presentation\Presentation.csproj]
C:\Program Files\dotnet\sdk\10.0.101\Microsoft.Common.CurrentVersion.targets(5080,5): warning MSB3026: Could not copy "C:\Users\OS\Documents\Project_PRM393\Soundtilo_API\Domain\bin\Debug\net8.0\Domain.dll" to "bin\Debug\net8.0\Domain.dll". Beginning retry 3 in 1000ms. The process cannot access the file 'C:\Users\OS\Documents\Project_PRM393\Soundtilo_API\Presentation\bin\Debug\net8.0\Domain.dll' because it is being used by another process. The file is locked by: "Presentation (424)" [C:\Users\OS\Documents\Project_PRM393\Soundtilo_API\Presentation\Presentation.csproj]
C:\Program Files\dotnet\sdk\10.0.101\Microsoft.Common.CurrentVersion.targets(5080,5): warning MSB3026: Could not copy "C:\Users\OS\Documents\Project_PRM393\Soundtilo_API\Application\bin\Debug\net8.0\Application.dll" to "bin\Debug\net8.0\Application.dll". Beginning retry 3 in 1000ms. The process cannot access the file 'C:\Users\OS\Documents\Project_PRM393\Soundtilo_API\Presentation\bin\Debug\net8.0\Application.dll' because it is being used by another process. The file is locked by: "Microsoft Visual Studio (1892), Presentation (424)" [C:\Users\OS\Documents\Project_PRM393\Soundtilo_API\Presentation\Presentation.csproj]
C:\Program Files\dotnet\sdk\10.0.101\Microsoft.Common.CurrentVersion.targets(5080,5): warning MSB3026: Could not copy "C:\Users\OS\Documents\Project_PRM393\Soundtilo_API\Infrastructure\bin\Debug\net8.0\Infrastructure.dll" to "bin\Debug\net8.0\Infrastructure.dll". Beginning retry 3 in 1000ms. The process cannot access the file 'C:\Users\OS\Documents\Project_PRM393\Soundtilo_API\Presentation\bin\Debug\net8.0\Infrastructure.dll' because it is being used by another process. The file is locked by: "Microsoft Visual Studio (1892), Presentation (424)" [C:\Users\OS\Documents\Project_PRM393\Soundtilo_API\Presentation\Presentation.csproj]
C:\Program Files\dotnet\sdk\10.0.101\Microsoft.Common.CurrentVersion.targets(5080,5): warning MSB3026: Could not copy "C:\Users\OS\Documents\Project_PRM393\Soundtilo_API\Domain\bin\Debug\net8.0\Domain.dll" to "bin\Debug\net8.0\Domain.dll". Beginning retry 4 in 1000ms. The process cannot access the file 'C:\Users\OS\Documents\Project_PRM393\Soundtilo_API\Presentation\bin\Debug\net8.0\Domain.dll' because it is being used by another process. The file is locked by: "Presentation (424)" [C:\Users\OS\Documents\Project_PRM393\Soundtilo_API\Presentation\Presentation.csproj]
C:\Program Files\dotnet\sdk\10.0.101\Microsoft.Common.CurrentVersion.targets(5080,5): warning MSB3026: Could not copy "C:\Users\OS\Documents\Project_PRM393\Soundtilo_API\Application\bin\Debug\net8.0\Application.dll" to "bin\Debug\net8.0\Application.dll". Beginning retry 4 in 1000ms. The process cannot access the file 'C:\Users\OS\Documents\Project_PRM393\Soundtilo_API\Presentation\bin\Debug\net8.0\Application.dll' because it is being used by another process. The file is locked by: "Microsoft Visual Studio (1892), Presentation (424)" [C:\Users\OS\Documents\Project_PRM393\Soundtilo_API\Presentation\Presentation.csproj]
C:\Program Files\dotnet\sdk\10.0.101\Microsoft.Common.CurrentVersion.targets(5080,5): warning MSB3026: Could not copy "C:\Users\OS\Documents\Project_PRM393\Soundtilo_API\Infrastructure\bin\Debug\net8.0\Infrastructure.dll" to "bin\Debug\net8.0\Infrastructure.dll". Beginning retry 4 in 1000ms. The process cannot access the file 'C:\Users\OS\Documents\Project_PRM393\Soundtilo_API\Presentation\bin\Debug\net8.0\Infrastructure.dll' because it is being used by another process. The file is locked by: "Microsoft Visual Studio (1892), Presentation (424)" [C:\Users\OS\Documents\Project_PRM393\Soundtilo_API\Presentation\Presentation.csproj]
C:\Program Files\dotnet\sdk\10.0.101\Microsoft.Common.CurrentVersion.targets(5080,5): warning MSB3026: Could not copy "C:\Users\OS\Documents\Project_PRM393\Soundtilo_API\Domain\bin\Debug\net8.0\Domain.dll" to "bin\Debug\net8.0\Domain.dll". Beginning retry 5 in 1000ms. The process cannot access the file 'C:\Users\OS\Documents\Project_PRM393\Soundtilo_API\Presentation\bin\Debug\net8.0\Domain.dll' because it is being used by another process. The file is locked by: "Presentation (424)" [C:\Users\OS\Documents\Project_PRM393\Soundtilo_API\Presentation\Presentation.csproj]
C:\Program Files\dotnet\sdk\10.0.101\Microsoft.Common.CurrentVersion.targets(5080,5): warning MSB3026: Could not copy "C:\Users\OS\Documents\Project_PRM393\Soundtilo_API\Application\bin\Debug\net8.0\Application.dll" to "bin\Debug\net8.0\Application.dll". Beginning retry 5 in 1000ms. The process cannot access the file 'C:\Users\OS\Documents\Project_PRM393\Soundtilo_API\Presentation\bin\Debug\net8.0\Application.dll' because it is being used by another process. The file is locked by: "Microsoft Visual Studio (1892), Presentation (424)" [C:\Users\OS\Documents\Project_PRM393\Soundtilo_API\Presentation\Presentation.csproj]
C:\Program Files\dotnet\sdk\10.0.101\Microsoft.Common.CurrentVersion.targets(5080,5): warning MSB3026: Could not copy "C:\Users\OS\Documents\Project_PRM393\Soundtilo_API\Infrastructure\bin\Debug\net8.0\Infrastructure.dll" to "bin\Debug\net8.0\Infrastructure.dll". Beginning retry 5 in 1000ms. The process cannot access the file 'C:\Users\OS\Documents\Project_PRM393\Soundtilo_API\Presentation\bin\Debug\net8.0\Infrastructure.dll' because it is being used by another process. The file is locked by: "Microsoft Visual Studio (1892), Presentation (424)" [C:\Users\OS\Documents\Project_PRM393\Soundtilo_API\Presentation\Presentation.csproj]
C:\Program Files\dotnet\sdk\10.0.101\Microsoft.Common.CurrentVersion.targets(5080,5): warning MSB3026: Could not copy "C:\Users\OS\Documents\Project_PRM393\Soundtilo_API\Domain\bin\Debug\net8.0\Domain.dll" to "bin\Debug\net8.0\Domain.dll". Beginning retry 6 in 1000ms. The process cannot access the file 'C:\Users\OS\Documents\Project_PRM393\Soundtilo_API\Presentation\bin\Debug\net8.0\Domain.dll' because it is being used by another process. The file is locked by: "Presentation (424)" [C:\Users\OS\Documents\Project_PRM393\Soundtilo_API\Presentation\Presentation.csproj]
C:\Program Files\dotnet\sdk\10.0.101\Microsoft.Common.CurrentVersion.targets(5080,5): warning MSB3026: Could not copy "C:\Users\OS\Documents\Project_PRM393\Soundtilo_API\Application\bin\Debug\net8.0\Application.dll" to "bin\Debug\net8.0\Application.dll". Beginning retry 6 in 1000ms. The process cannot access the file 'C:\Users\OS\Documents\Project_PRM393\Soundtilo_API\Presentation\bin\Debug\net8.0\Application.dll' because it is being used by another process. The file is locked by: "Microsoft Visual Studio (1892), Presentation (424)" [C:\Users\OS\Documents\Project_PRM393\Soundtilo_API\Presentation\Presentation.csproj]
C:\Program Files\dotnet\sdk\10.0.101\Microsoft.Common.CurrentVersion.targets(5080,5): warning MSB3026: Could not copy "C:\Users\OS\Documents\Project_PRM393\Soundtilo_API\Infrastructure\bin\Debug\net8.0\Infrastructure.dll" to "bin\Debug\net8.0\Infrastructure.dll". Beginning retry 6 in 1000ms. The process cannot access the file 'C:\Users\OS\Documents\Project_PRM393\Soundtilo_API\Presentation\bin\Debug\net8.0\Infrastructure.dll' because it is being used by another process. The file is locked by: "Microsoft Visual Studio (1892), Presentation (424)" [C:\Users\OS\Documents\Project_PRM393\Soundtilo_API\Presentation\Presentation.csproj]
C:\Program Files\dotnet\sdk\10.0.101\Microsoft.Common.CurrentVersion.targets(5080,5): warning MSB3026: Could not copy "C:\Users\OS\Documents\Project_PRM393\Soundtilo_API\Domain\bin\Debug\net8.0\Domain.dll" to "bin\Debug\net8.0\Domain.dll". Beginning retry 7 in 1000ms. The process cannot access the file 'C:\Users\OS\Documents\Project_PRM393\Soundtilo_API\Presentation\bin\Debug\net8.0\Domain.dll' because it is being used by another process. The file is locked by: "Presentation (424)" [C:\Users\OS\Documents\Project_PRM393\Soundtilo_API\Presentation\Presentation.csproj]
C:\Program Files\dotnet\sdk\10.0.101\Microsoft.Common.CurrentVersion.targets(5080,5): warning MSB3026: Could not copy "C:\Users\OS\Documents\Project_PRM393\Soundtilo_API\Application\bin\Debug\net8.0\Application.dll" to "bin\Debug\net8.0\Application.dll". Beginning retry 7 in 1000ms. The process cannot access the file 'C:\Users\OS\Documents\Project_PRM393\Soundtilo_API\Presentation\bin\Debug\net8.0\Application.dll' because it is being used by another process. The file is locked by: "Microsoft Visual Studio (1892), Presentation (424)" [C:\Users\OS\Documents\Project_PRM393\Soundtilo_API\Presentation\Presentation.csproj]
C:\Program Files\dotnet\sdk\10.0.101\Microsoft.Common.CurrentVersion.targets(5080,5): warning MSB3026: Could not copy "C:\Users\OS\Documents\Project_PRM393\Soundtilo_API\Infrastructure\bin\Debug\net8.0\Infrastructure.dll" to "bin\Debug\net8.0\Infrastructure.dll". Beginning retry 7 in 1000ms. The process cannot access the file 'C:\Users\OS\Documents\Project_PRM393\Soundtilo_API\Presentation\bin\Debug\net8.0\Infrastructure.dll' because it is being used by another process. The file is locked by: "Microsoft Visual Studio (1892), Presentation (424)" [C:\Users\OS\Documents\Project_PRM393\Soundtilo_API\Presentation\Presentation.csproj]
C:\Program Files\dotnet\sdk\10.0.101\Microsoft.Common.CurrentVersion.targets(5080,5): warning MSB3026: Could not copy "C:\Users\OS\Documents\Project_PRM393\Soundtilo_API\Domain\bin\Debug\net8.0\Domain.dll" to "bin\Debug\net8.0\Domain.dll". Beginning retry 8 in 1000ms. The process cannot access the file 'C:\Users\OS\Documents\Project_PRM393\Soundtilo_API\Presentation\bin\Debug\net8.0\Domain.dll' because it is being used by another process. The file is locked by: "Presentation (424)" [C:\Users\OS\Documents\Project_PRM393\Soundtilo_API\Presentation\Presentation.csproj]
C:\Program Files\dotnet\sdk\10.0.101\Microsoft.Common.CurrentVersion.targets(5080,5): warning MSB3026: Could not copy "C:\Users\OS\Documents\Project_PRM393\Soundtilo_API\Application\bin\Debug\net8.0\Application.dll" to "bin\Debug\net8.0\Application.dll". Beginning retry 8 in 1000ms. The process cannot access the file 'C:\Users\OS\Documents\Project_PRM393\Soundtilo_API\Presentation\bin\Debug\net8.0\Application.dll' because it is being used by another process. The file is locked by: "Microsoft Visual Studio (1892), Presentation (424)" [C:\Users\OS\Documents\Project_PRM393\Soundtilo_API\Presentation\Presentation.csproj]
C:\Program Files\dotnet\sdk\10.0.101\Microsoft.Common.CurrentVersion.targets(5080,5): warning MSB3026: Could not copy "C:\Users\OS\Documents\Project_PRM393\Soundtilo_API\Infrastructure\bin\Debug\net8.0\Infrastructure.dll" to "bin\Debug\net8.0\Infrastructure.dll". Beginning retry 8 in 1000ms. The process cannot access the file 'C:\Users\OS\Documents\Project_PRM393\Soundtilo_API\Presentation\bin\Debug\net8.0\Infrastructure.dll' because it is being used by another process. The file is locked by: "Microsoft Visual Studio (1892), Presentation (424)" [C:\Users\OS\Documents\Project_PRM393\Soundtilo_API\Presentation\Presentation.csproj]
C:\Program Files\dotnet\sdk\10.0.101\Microsoft.Common.CurrentVersion.targets(5080,5): warning MSB3026: Could not copy "C:\Users\OS\Documents\Project_PRM393\Soundtilo_API\Domain\bin\Debug\net8.0\Domain.dll" to "bin\Debug\net8.0\Domain.dll". Beginning retry 9 in 1000ms. The process cannot access the file 'C:\Users\OS\Documents\Project_PRM393\Soundtilo_API\Presentation\bin\Debug\net8.0\Domain.dll' because it is being used by another process. The file is locked by: "Presentation (424)" [C:\Users\OS\Documents\Project_PRM393\Soundtilo_API\Presentation\Presentation.csproj]
C:\Program Files\dotnet\sdk\10.0.101\Microsoft.Common.CurrentVersion.targets(5080,5): warning MSB3026: Could not copy "C:\Users\OS\Documents\Project_PRM393\Soundtilo_API\Application\bin\Debug\net8.0\Application.dll" to "bin\Debug\net8.0\Application.dll". Beginning retry 9 in 1000ms. The process cannot access the file 'C:\Users\OS\Documents\Project_PRM393\Soundtilo_API\Presentation\bin\Debug\net8.0\Application.dll' because it is being used by another process. The file is locked by: "Microsoft Visual Studio (1892), Presentation (424)" [C:\Users\OS\Documents\Project_PRM393\Soundtilo_API\Presentation\Presentation.csproj]
C:\Program Files\dotnet\sdk\10.0.101\Microsoft.Common.CurrentVersion.targets(5080,5): warning MSB3026: Could not copy "C:\Users\OS\Documents\Project_PRM393\Soundtilo_API\Infrastructure\bin\Debug\net8.0\Infrastructure.dll" to "bin\Debug\net8.0\Infrastructure.dll". Beginning retry 9 in 1000ms. The process cannot access the file 'C:\Users\OS\Documents\Project_PRM393\Soundtilo_API\Presentation\bin\Debug\net8.0\Infrastructure.dll' because it is being used by another process. The file is locked by: "Microsoft Visual Studio (1892), Presentation (424)" [C:\Users\OS\Documents\Project_PRM393\Soundtilo_API\Presentation\Presentation.csproj]
C:\Program Files\dotnet\sdk\10.0.101\Microsoft.Common.CurrentVersion.targets(5080,5): warning MSB3026: Could not copy "C:\Users\OS\Documents\Project_PRM393\Soundtilo_API\Domain\bin\Debug\net8.0\Domain.dll" to "bin\Debug\net8.0\Domain.dll". Beginning retry 10 in 1000ms. The process cannot access the file 'C:\Users\OS\Documents\Project_PRM393\Soundtilo_API\Presentation\bin\Debug\net8.0\Domain.dll' because it is being used by another process. The file is locked by: "Presentation (424)" [C:\Users\OS\Documents\Project_PRM393\Soundtilo_API\Presentation\Presentation.csproj]
C:\Program Files\dotnet\sdk\10.0.101\Microsoft.Common.CurrentVersion.targets(5080,5): warning MSB3026: Could not copy "C:\Users\OS\Documents\Project_PRM393\Soundtilo_API\Application\bin\Debug\net8.0\Application.dll" to "bin\Debug\net8.0\Application.dll". Beginning retry 10 in 1000ms. The process cannot access the file 'C:\Users\OS\Documents\Project_PRM393\Soundtilo_API\Presentation\bin\Debug\net8.0\Application.dll' because it is being used by another process. The file is locked by: "Microsoft Visual Studio (1892), Presentation (424)" [C:\Users\OS\Documents\Project_PRM393\Soundtilo_API\Presentation\Presentation.csproj]
C:\Program Files\dotnet\sdk\10.0.101\Microsoft.Common.CurrentVersion.targets(5080,5): warning MSB3026: Could not copy "C:\Users\OS\Documents\Project_PRM393\Soundtilo_API\Infrastructure\bin\Debug\net8.0\Infrastructure.dll" to "bin\Debug\net8.0\Infrastructure.dll". Beginning retry 10 in 1000ms. The process cannot access the file 'C:\Users\OS\Documents\Project_PRM393\Soundtilo_API\Presentation\bin\Debug\net8.0\Infrastructure.dll' because it is being used by another process. The file is locked by: "Microsoft Visual Studio (1892), Presentation (424)" [C:\Users\OS\Documents\Project_PRM393\Soundtilo_API\Presentation\Presentation.csproj]
C:\Program Files\dotnet\sdk\10.0.101\Microsoft.Common.CurrentVersion.targets(5080,5): error MSB3027: Could not copy "C:\Users\OS\Documents\Project_PRM393\Soundtilo_API\Domain\bin\Debug\net8.0\Domain.dll" to "bin\Debug\net8.0\Domain.dll". Exceeded retry count of 10. Failed. The file is locked by: "Presentation (424)" [C:\Users\OS\Documents\Project_PRM393\Soundtilo_API\Presentation\Presentation.csproj]
C:\Program Files\dotnet\sdk\10.0.101\Microsoft.Common.CurrentVersion.targets(5080,5): error MSB3021: Unable to copy file "C:\Users\OS\Documents\Project_PRM393\Soundtilo_API\Domain\bin\Debug\net8.0\Domain.dll" to "bin\Debug\net8.0\Domain.dll". The process cannot access the file 'C:\Users\OS\Documents\Project_PRM393\Soundtilo_API\Presentation\bin\Debug\net8.0\Domain.dll' because it is being used by another process. [C:\Users\OS\Documents\Project_PRM393\Soundtilo_API\Presentation\Presentation.csproj]
C:\Program Files\dotnet\sdk\10.0.101\Microsoft.Common.CurrentVersion.targets(5080,5): error MSB3027: Could not copy "C:\Users\OS\Documents\Project_PRM393\Soundtilo_API\Infrastructure\bin\Debug\net8.0\Infrastructure.dll" to "bin\Debug\net8.0\Infrastructure.dll". Exceeded retry count of 10. Failed. The file is locked by: "Microsoft Visual Studio (1892), Presentation (424)" [C:\Users\OS\Documents\Project_PRM393\Soundtilo_API\Presentation\Presentation.csproj]
C:\Program Files\dotnet\sdk\10.0.101\Microsoft.Common.CurrentVersion.targets(5080,5): error MSB3021: Unable to copy file "C:\Users\OS\Documents\Project_PRM393\Soundtilo_API\Infrastructure\bin\Debug\net8.0\Infrastructure.dll" to "bin\Debug\net8.0\Infrastructure.dll". The process cannot access the file 'C:\Users\OS\Documents\Project_PRM393\Soundtilo_API\Presentation\bin\Debug\net8.0\Infrastructure.dll' because it is being used by another process. [C:\Users\OS\Documents\Project_PRM393\Soundtilo_API\Presentation\Presentation.csproj]
C:\Program Files\dotnet\sdk\10.0.101\Microsoft.Common.CurrentVersion.targets(5080,5): error MSB3027: Could not copy "C:\Users\OS\Documents\Project_PRM393\Soundtilo_API\Application\bin\Debug\net8.0\Application.dll" to "bin\Debug\net8.0\Application.dll". Exceeded retry count of 10. Failed. The file is locked by: "Microsoft Visual Studio (1892), Presentation (424)" [C:\Users\OS\Documents\Project_PRM393\Soundtilo_API\Presentation\Presentation.csproj]
C:\Program Files\dotnet\sdk\10.0.101\Microsoft.Common.CurrentVersion.targets(5080,5): error MSB3021: Unable to copy file "C:\Users\OS\Documents\Project_PRM393\Soundtilo_API\Application\bin\Debug\net8.0\Application.dll" to "bin\Debug\net8.0\Application.dll". The process cannot access the file 'C:\Users\OS\Documents\Project_PRM393\Soundtilo_API\Presentation\bin\Debug\net8.0\Application.dll' because it is being used by another process. [C:\Users\OS\Documents\Project_PRM393\Soundtilo_API\Presentation\Presentation.csproj]
    30 Warning(s)
    6 Error(s)

Time Elapsed 00:00:22.83
